// Jest Snapshot v1, https://goo.gl/fbAQLP

exports[`CardsTable should render CardsTable properly 1`] = `
.c4 {
  margin: 0;
  color: inherit;
  font-size: 1.2rem;
  font-weight: 700;
  -webkit-letter-spacing: 0.12rem;
  -moz-letter-spacing: 0.12rem;
  -ms-letter-spacing: 0.12rem;
  letter-spacing: 0.12rem;
  line-height: 2.0rem;
}

.c8 {
  margin: 0;
  color: inherit;
  font-size: 1.4rem;
  font-weight: 400;
  -webkit-letter-spacing: 0rem;
  -moz-letter-spacing: 0rem;
  -ms-letter-spacing: 0rem;
  letter-spacing: 0rem;
  line-height: 2.2rem;
}

.c7 {
  -webkit-flex: 1;
  -ms-flex: 1;
  flex: 1;
  padding: 0;
  margin: 0 2.4rem;
  display: -webkit-box;
  display: -webkit-flex;
  display: -ms-flexbox;
  display: flex;
  -webkit-flex-direction: row;
  -ms-flex-direction: row;
  flex-direction: row;
  -webkit-align-items: center;
  -webkit-box-align: center;
  -ms-flex-align: center;
  align-items: center;
  -webkit-box-pack: start;
  -webkit-justify-content: flex-start;
  -ms-flex-pack: start;
  justify-content: flex-start;
}

.c6 {
  display: -webkit-box;
  display: -webkit-flex;
  display: -ms-flexbox;
  display: flex;
  -webkit-flex-direction: row;
  -ms-flex-direction: row;
  flex-direction: row;
  cursor: pointer;
  box-sizing: border-box;
  padding: 1.6rem 0;
  border-radius: 0.8rem;
  margin-bottom: 0.8rem;
  background-color: white;
  border: 0.1rem solid #ffffff;
  box-shadow: 0 0.2rem 0.8rem rgba(176,188,200,0.2);
}

.c6:hover {
  box-shadow: 0 0.4rem 0.8rem rgba(176,188,200,0.6);
}

.c6:nth-child(odd) {
  background: #ffffff;
}

.c6:nth-child(even) {
  background: #ffffff;
}

.c0 {
  width: 100%;
}

.c1 {
  display: -webkit-box;
  display: -webkit-flex;
  display: -ms-flexbox;
  display: flex;
  -webkit-flex-direction: row;
  -ms-flex-direction: row;
  flex-direction: row;
  background-color: transparent;
  margin: 2.4rem 0;
}

.c5 {
  font-size: 1.6rem;
  cursor: pointer;
  -webkit-transition: all 100ms linear;
  transition: all 100ms linear;
}

.c5 * {
  fill-opacity: 1;
  fill: #607890;
}

.c2 {
  -webkit-flex: 1;
  -ms-flex: 1;
  flex: 1;
  padding: 0;
  margin: 0 2.4rem;
  display: -webkit-box;
  display: -webkit-flex;
  display: -ms-flexbox;
  display: flex;
  -webkit-flex-direction: row;
  -ms-flex-direction: row;
  flex-direction: row;
  -webkit-align-items: center;
  -webkit-box-align: center;
  -ms-flex-align: center;
  align-items: center;
  -webkit-box-pack: start;
  -webkit-justify-content: flex-start;
  -ms-flex-pack: start;
  justify-content: flex-start;
}

.c2 .c3 {
  display: inline;
  color: #435465;
}

.c2 .sc-AykKI {
  cursor: pointer;
  padding-left: 1rem;
}

.c2 .sc-AykKI * {
  fill: #435465;
}

<div>
  <table
    class="c0"
  >
    <thead>
      <tr
        class="c1"
      >
        <th
          class="c2"
        >
          <h5
            class="c3 c4"
          >
            Patient Info
          </h5>
          <svg
            class="c5"
            fill="none"
            height="1em"
            viewBox="0 0 24 24"
            width="1em"
            xmlns="http://www.w3.org/2000/svg"
          >
            <path
              d="M11.208 5.03a1 1 0 0 1 1.584 0l3.165 4.11a1 1 0 0 1-.793 1.61H8.836a1 1 0 0 1-.793-1.61l3.165-4.11zM12.792 18.97a1 1 0 0 1-1.584 0l-3.165-4.11a1 1 0 0 1 .793-1.61h6.328a1 1 0 0 1 .793 1.61l-3.165 4.11z"
              fill="#000"
            />
          </svg>
        </th>
        <th
          class="c2"
        >
          <h5
            class="c3 c4"
          >
            RxInfo
          </h5>
          <svg
            class="c5"
            fill="none"
            height="1em"
            viewBox="0 0 24 24"
            width="1em"
            xmlns="http://www.w3.org/2000/svg"
          >
            <path
              d="M11.208 5.03a1 1 0 0 1 1.584 0l3.165 4.11a1 1 0 0 1-.793 1.61H8.836a1 1 0 0 1-.793-1.61l3.165-4.11zM12.792 18.97a1 1 0 0 1-1.584 0l-3.165-4.11a1 1 0 0 1 .793-1.61h6.328a1 1 0 0 1 .793 1.61l-3.165 4.11z"
              fill="#000"
            />
          </svg>
        </th>
      </tr>
    </thead>
    <tbody>
      <tr
        class="c6"
      >
        <td
          class="c7"
        >
          <span
            class="c3 c8"
          >
            Oli Bob
          </span>
        </td>
        <td
          class="c7"
        >
          <span
            class="c3 c8"
          >
            Metaformin
          </span>
        </td>
      </tr>
    </tbody>
  </table>
</div>
`;
