// Jest Snapshot v1, https://goo.gl/fbAQLP

exports[`Cell should render text properly 1`] = `
.c2 {
  margin: 0;
  color: inherit;
  font-size: 1.4rem;
  font-weight: 400;
  -webkit-letter-spacing: 0rem;
  -moz-letter-spacing: 0rem;
  -ms-letter-spacing: 0rem;
  letter-spacing: 0rem;
  line-height: 2.2rem;
}

.c0 {
  display: -webkit-inline-box;
  display: -webkit-inline-flex;
  display: -ms-inline-flexbox;
  display: inline-flex;
  -webkit-align-self: stretch;
  -ms-flex-item-align: stretch;
  align-self: stretch;
  margin: 5px;
  overflow: auto;
  -webkit-flex: 1;
  -ms-flex: 1;
  flex: 1;
  box-sizing: border-box;
  background-color: #ffffff;
  padding: 10px;
  -webkit-flex-direction: column;
  -ms-flex-direction: column;
  flex-direction: column;
  -webkit-box-pack: center;
  -webkit-justify-content: center;
  -ms-flex-pack: center;
  justify-content: center;
  -webkit-align-items: flex-start;
  -webkit-box-align: flex-start;
  -ms-flex-align: flex-start;
  align-items: flex-start;
  border-radius: 4px;
  border: 1px solid #dfe4e9;
  box-shadow: 0 2px 4px 0 rgba(0,0,0,0.2);
  border-radius: 0;
  margin: 0;
  border: none;
  box-shadow: none;
  background-color: transparent;
}

.c0.c0 * {
  background-color: transparent;
}

.c1 {
  padding: 15px 20px;
}

<div>
  <div
    class="c0 c1"
  >
    <span
      class="c2"
    >
       
      text
       
    </span>
  </div>
</div>
`;
