// Jest Snapshot v1, https://goo.gl/fbAQLP

exports[`Tabs should not render when there is no children 1`] = `<div />`;

exports[`Tabs should render properly without any prop 1`] = `
.c6 {
  margin: 0;
  color: inherit;
  font-size: 1.4rem;
  font-weight: 400;
  -webkit-letter-spacing: 0rem;
  -moz-letter-spacing: 0rem;
  -ms-letter-spacing: 0rem;
  letter-spacing: 0rem;
  line-height: 2.2rem;
}

.c1 {
  margin: 0;
  padding: 0;
  border: 0;
  outline: 0;
  background: none;
  color: #005AEE;
  background-color: #ffffff;
  border-right: 0 none;
}

.c1::after {
  content: '';
  width: 100%;
  display: block;
  height: 4px;
  background-color: #005AEE;
  border-radius: 5px 5px 0 0;
}

.c1:hover {
  cursor: pointer;
}

.c1:hover::after {
  background-color: #005AEE;
}

.c1:focus {
  outline: none;
}

.c1:disabled {
  cursor: not-allowed;
}

.c1 .sc-AxirZ * {
  fill: #005AEE;
}

.c1:hover {
  background-color: #ffffff;
}

.c1:hover .c5 {
  color: #005AEE;
}

.c7 {
  margin: 0;
  padding: 0;
  border: 0;
  outline: 0;
  background: none;
  color: #607890;
  border-right: 0 none;
}

.c7::after {
  content: '';
  width: 100%;
  display: block;
  height: 4px;
  background-color: transparent;
  border-radius: 5px 5px 0 0;
}

.c7:hover {
  cursor: pointer;
}

.c7:hover::after {
  background-color: #F7F8F9;
}

.c7:focus {
  outline: none;
}

.c7:disabled {
  cursor: not-allowed;
}

.c7:last-child {
  border-right: 0 none;
}

.c7:hover {
  background-color: #F7F8F9;
}

.c7:hover .c5 {
  color: #435465;
}

.c2 {
  background-color: transparent;
  border: 0;
  padding: 15px 16px;
  -webkit-user-select: none;
  -moz-user-select: none;
  -ms-user-select: none;
  user-select: none;
  -webkit-text-decoration: none;
  text-decoration: none;
  display: -webkit-box;
  display: -webkit-flex;
  display: -ms-flexbox;
  display: flex;
  -webkit-align-items: center;
  -webkit-box-align: center;
  -ms-flex-align: center;
  align-items: center;
  -webkit-box-pack: start;
  -webkit-justify-content: flex-start;
  -ms-flex-pack: start;
  justify-content: flex-start;
  -webkit-flex-flow: row wrap;
  -ms-flex-flow: row wrap;
  flex-flow: row wrap;
}

.c2 .c5 {
  font-size: 1.4rem;
  line-height: 2.2rem;
}

.c2 p {
  line-height: 2.2rem;
  font-size: 1.4rem;
}

.c3 {
  margin-left: 0;
}

.c4 {
  display: -webkit-box;
  display: -webkit-flex;
  display: -ms-flexbox;
  display: flex;
  -webkit-align-items: center;
  -webkit-box-align: center;
  -ms-flex-align: center;
  align-items: center;
}

.c4 .c5 {
  grid-area: label;
}

.c0 {
  background-color: #ffffff;
  -webkit-flex-direction: row;
  -ms-flex-direction: row;
  flex-direction: row;
  overflow-x: auto;
  border: 0 none;
  border-radius: 0;
  display: -webkit-inline-box;
  display: -webkit-inline-flex;
  display: -ms-inline-flexbox;
  display: inline-flex;
  -webkit-box-pack: center;
  -webkit-justify-content: center;
  -ms-flex-pack: center;
  justify-content: center;
  -webkit-align-items: center;
  -webkit-box-align: center;
  -ms-flex-align: center;
  align-items: center;
  -webkit-box-pack: start;
  -webkit-justify-content: flex-start;
  -ms-flex-pack: start;
  justify-content: flex-start;
}

.c8 {
  padding: 10px;
  height: 100%;
}

.c8:focus {
  outline: none;
}

<div>
  <div
    class=""
    id="medly-tabs"
  >
    <div
      class="c0"
      id="medly-tabs-list"
    >
      <button
        aria-controls="panel-tab1"
        aria-selected="true"
        class="c1"
        id="tab1"
        role="tab"
        tabindex="0"
        type="button"
      >
        <div
          class="c2"
        >
          <div
            class="c3"
          >
            <div
              class="c4"
            >
              <span
                class="c5 c6"
              >
                Add
              </span>
            </div>
          </div>
        </div>
      </button>
      <button
        aria-controls="panel-tab2"
        aria-selected="false"
        class="c7"
        id="tab2"
        role="tab"
        tabindex="-1"
        type="button"
      >
        <div
          class="c2"
        >
          <div
            class="c3"
          >
            <div
              class="c4"
            >
              <span
                class="c5 c6"
              >
                Edit
              </span>
            </div>
          </div>
        </div>
      </button>
    </div>
    <div
      aria-labelledby="tab1"
      class="c8"
      id="medly-tabs-panel-tab1"
      role="tabpanel"
      tabindex="0"
    >
      Content for the add panel
    </div>
  </div>
</div>
`;
