// Jest Snapshot v1, https://goo.gl/fbAQLP

exports[`Content component should render properly 1`] = `
.c1 {
  margin: 0;
  color: inherit;
  font-size: 1.4rem;
  font-weight: 400;
  -webkit-letter-spacing: 0rem;
  -moz-letter-spacing: 0rem;
  -ms-letter-spacing: 0rem;
  letter-spacing: 0rem;
  line-height: 2.2rem;
}

.c0 {
  cursor: pointer;
  display: -webkit-box;
  display: -webkit-flex;
  display: -ms-flexbox;
  display: flex;
  outline: none;
  border-top: solid 0.2rem #eff2f4;
  padding: 1.8rem;
  background-color: transparent;
}

<div>
  <div
    class="c0"
  >
    <span
      class="c1"
    >
      Hello
    </span>
  </div>
</div>
`;
