// Jest Snapshot v1, https://goo.gl/fbAQLP

exports[`BottomList should render properly 1`] = `
.c11 {
  font-size: 14px;
  font-weight: 400;
  color: inherit;
}

.c5 {
  display: block;
  position: absolute;
  width: calc(16px * 1.33);
  height: calc(16px * 0.2);
  background: #616161;
  border-radius: calc(16px * 0.2);
  opacity: 1;
  left: 0;
  -webkit-transform: rotate(0deg);
  -ms-transform: rotate(0deg);
  transform: rotate(0deg);
  -webkit-transition: 0.25s ease-in-out;
  transition: 0.25s ease-in-out;
}

.c5:nth-child(1) {
  top: 0px;
}

.c5:nth-child(2) {
  top: calc(16px * 0.4);
}

.c5:nth-child(3) {
  top: calc(16px * 0.8);
}

.c4 {
  border: none;
  background-color: transparent;
  outline: none;
  width: calc(16px * 1.33);
  height: 16px;
  position: relative;
  -webkit-transform: rotate(0deg);
  -ms-transform: rotate(0deg);
  transform: rotate(0deg);
  -webkit-transition: 0.2s ease-in-out;
  transition: 0.2s ease-in-out;
  cursor: pointer;
}

.c9 {
  width: 100%;
  -webkit-text-decoration: none;
  text-decoration: none;
  box-sizing: border-box;
  background-color: inherit;
  display: grid;
  grid-template-areas: 'icon header dropdownIcon' 'submenu submenu submenu';
  grid-template-columns: min-content 1fr min-content;
  grid-template-rows: 48px min-content;
  -webkit-align-content: center;
  -ms-flex-line-pack: center;
  align-content: center;
  -webkit-align-items: center;
  -webkit-box-align: center;
  -ms-flex-align: center;
  align-items: center;
  text-overflow: ellipsis;
  white-space: nowrap;
  overflow: hidden;
  -webkit-user-select: none;
  -moz-user-select: none;
  -ms-user-select: none;
  user-select: none;
  cursor: pointer;
  border-bottom: 1px solid #F56A41;
}

.c9 > .c10 {
  grid-area: header;
  font-size: 16px;
  color: #ffffff;
  font-weight: 400;
}

.c7 {
  -webkit-flex: 1;
  -ms-flex: 1;
  flex: 1;
  overflow: auto;
  padding: 0px;
  margin: 0px;
  list-style-type: none;
  color: #ffffff;
}

.c8 {
  -webkit-flex: unset;
  -ms-flex: unset;
  flex: unset;
  overflow: unset;
  background-color: #E07C5E;
}

.c2 {
  display: -webkit-inline-box;
  display: -webkit-inline-flex;
  display: -ms-inline-flexbox;
  display: inline-flex;
  -webkit-box-pack: center;
  -webkit-justify-content: center;
  -ms-flex-pack: center;
  justify-content: center;
  -webkit-align-items: center;
  -webkit-box-align: center;
  -ms-flex-align: center;
  align-items: center;
  grid-area: icon;
  min-width: 60px;
  min-height: 48px;
}

.c2 .sc-AykKH {
  font-size: 16px;
}

.c1 {
  width: 100%;
  -webkit-text-decoration: none;
  text-decoration: none;
  box-sizing: border-box;
  background-color: inherit;
  display: grid;
  grid-template-areas: 'icon header dropdownIcon' 'submenu submenu submenu';
  grid-template-columns: min-content 1fr min-content;
  grid-template-rows: 48px min-content;
  -webkit-align-content: center;
  -ms-flex-line-pack: center;
  align-content: center;
  -webkit-align-items: center;
  -webkit-box-align: center;
  -ms-flex-align: center;
  align-items: center;
  text-overflow: ellipsis;
  white-space: nowrap;
  overflow: hidden;
  -webkit-user-select: none;
  -moz-user-select: none;
  -ms-user-select: none;
  user-select: none;
  cursor: default;
  border-bottom: 1px solid #F56A41;
  background-color: #E07C5E;
  border: 0;
}

.c1 > .c10 {
  grid-area: header;
  font-size: 16px;
  color: #ffffff;
  font-weight: 400;
}

.c1 .c3 * {
  background: #ffffff;
}

.c0 {
  height: 100vh;
  background-color: #F5F5F5;
  width: 0px;
  position: fixed;
  z-index: 1;
  top: 0;
  -webkit-transition: 0.2s;
  transition: 0.2s;
  left: 0;
  width: 60px;
  background-color: #FE8D6B;
  display: -webkit-box;
  display: -webkit-flex;
  display: -ms-flexbox;
  display: flex;
  -webkit-flex-direction: column;
  -ms-flex-direction: column;
  flex-direction: column;
}

.c0 ul::-webkit-scrollbar {
  width: 5px;
  background-color: #FE8D6B;
}

.c0 ul::-webkit-scrollbar-thumb {
  border-radius: 10px;
  background-color: #9E9E9E;
}

.c0 svg * {
  fill: #ffffff;
}

.c0 .c10,
.c0 .c6 {
  opacity: 0;
  -webkit-transition: opacity 0.2s;
  transition: opacity 0.2s;
}

.c0 .sc-LzLqC {
  max-height: 0px;
  -webkit-transition: max-height 0.2s ease-out;
  transition: max-height 0.2s ease-out;
}

<div>
  <div
    class="sc-fzXfRb c0"
    id="medly-sidenav"
  >
    <div
      class="c1"
    >
      <div
        class="c2"
      >
        <button
          class="c3 c4"
          id="burgerIcon"
        >
          <span
            class="c5"
          />
          <span
            class="c5"
          />
          <span
            class="c5"
          />
        </button>
      </div>
      <div
        class="c6 "
      />
    </div>
    <ul
      class="c7 c8"
    >
      <li
        class="c9"
      >
        <span
          class="c10 c11"
        >
          Home
        </span>
      </li>
    </ul>
  </div>
</div>
`;
