// Jest Snapshot v1, https://goo.gl/fbAQLP

exports[`Row should render row properly 1`] = `
.c0 {
  display: -webkit-inline-box;
  display: -webkit-inline-flex;
  display: -ms-inline-flexbox;
  display: inline-flex;
  -webkit-align-self: stretch;
  -ms-flex-item-align: stretch;
  align-self: stretch;
  margin: 5px;
  overflow: auto;
  -webkit-flex: 1;
  -ms-flex: 1;
  flex: 1;
  box-sizing: border-box;
  background-color: #ffffff;
  padding: 10px;
  -webkit-flex-direction: column;
  -ms-flex-direction: column;
  flex-direction: column;
  -webkit-box-pack: center;
  -webkit-justify-content: center;
  -ms-flex-pack: center;
  justify-content: center;
  -webkit-align-items: center;
  -webkit-box-align: center;
  -ms-flex-align: center;
  align-items: center;
  border-radius: 4px;
  border: 1px solid #dfe4e9;
  box-shadow: 0 2px 4px 0 rgba(0,0,0,0.2);
}

.c1 {
  cursor: not-allowed;
  box-shadow: none;
  box-sizing: border-box;
  border-radius: 0.8rem;
  border: default;
}

.c1:hover {
  box-shadow: 0 0.2rem 0.4rem rgba(176,188,200,0.60);
}

.c1 > * {
  background-color: #eff2f4;
}

.c1:nth-child(2n) {
  background: #eff2f4;
}

<div>
  <div
    class="c0 c1"
    disabled=""
  >
    Dummy
  </div>
</div>
`;
