// Jest Snapshot v1, https://goo.gl/fbAQLP

exports[`Head should render Head of cards table properly 1`] = `
.c0 {
  display: -webkit-box;
  display: -webkit-flex;
  display: -ms-flexbox;
  display: flex;
  -webkit-flex-direction: row;
  -ms-flex-direction: row;
  flex-direction: row;
  background-color: transparent;
  margin: 2.4rem 0;
}

.c4 {
  font-size: 1.6rem;
  cursor: pointer;
  -webkit-transition: all 100ms linear;
  transition: all 100ms linear;
}

.c4 * {
  fill-opacity: 1;
  fill: #607890;
}

.c3 {
  margin: 0;
  color: inherit;
  font-size: 1.2rem;
  font-weight: 700;
  -webkit-letter-spacing: 0.12rem;
  -moz-letter-spacing: 0.12rem;
  -ms-letter-spacing: 0.12rem;
  letter-spacing: 0.12rem;
  line-height: 2.0rem;
}

.c1 {
  -webkit-flex: 1;
  -ms-flex: 1;
  flex: 1;
  padding: 0;
  margin: 0 2.4rem;
  display: -webkit-box;
  display: -webkit-flex;
  display: -ms-flexbox;
  display: flex;
  -webkit-flex-direction: row;
  -ms-flex-direction: row;
  flex-direction: row;
  -webkit-align-items: center;
  -webkit-box-align: center;
  -ms-flex-align: center;
  align-items: center;
  -webkit-box-pack: start;
  -webkit-justify-content: flex-start;
  -ms-flex-pack: start;
  justify-content: flex-start;
}

.c1 .c2 {
  display: inline;
  color: #607890;
}

.c1 .sc-AykKF {
  cursor: pointer;
  padding-left: 1rem;
}

.c1 .sc-AykKF * {
  fill: #607890;
}

<div>
  <table>
    <thead>
      <tr
        class="c0"
      >
        <th
          class="c1"
        >
          <h5
            class="c2 c3"
          >
            Patient Info
          </h5>
          <svg
            class="c4"
            fill="none"
            height="1em"
            viewBox="0 0 24 24"
            width="1em"
            xmlns="http://www.w3.org/2000/svg"
          >
            <path
              d="M11.208 5.03a1 1 0 0 1 1.584 0l3.165 4.11a1 1 0 0 1-.793 1.61H8.836a1 1 0 0 1-.793-1.61l3.165-4.11zM12.792 18.97a1 1 0 0 1-1.584 0l-3.165-4.11a1 1 0 0 1 .793-1.61h6.328a1 1 0 0 1 .793 1.61l-3.165 4.11z"
              fill="#000"
            />
          </svg>
        </th>
        <th
          class="c1"
        >
          <h5
            class="c2 c3"
          >
            RxInfo
          </h5>
          <svg
            class="c4"
            fill="none"
            height="1em"
            viewBox="0 0 24 24"
            width="1em"
            xmlns="http://www.w3.org/2000/svg"
          >
            <path
              d="M11.208 5.03a1 1 0 0 1 1.584 0l3.165 4.11a1 1 0 0 1-.793 1.61H8.836a1 1 0 0 1-.793-1.61l3.165-4.11zM12.792 18.97a1 1 0 0 1-1.584 0l-3.165-4.11a1 1 0 0 1 .793-1.61h6.328a1 1 0 0 1 .793 1.61l-3.165 4.11z"
              fill="#000"
            />
          </svg>
        </th>
      </tr>
    </thead>
  </table>
</div>
`;
