// Jest Snapshot v1, https://goo.gl/fbAQLP

exports[`Cell should render text properly 1`] = `
.c0 {
  margin: 0;
  color: inherit;
  font-size: 1.4rem;
  font-weight: 400;
  -webkit-letter-spacing: 0rem;
  -moz-letter-spacing: 0rem;
  -ms-letter-spacing: 0rem;
  letter-spacing: 0rem;
  line-height: 2.2rem;
}

<div>
  <span
    class="c0"
  >
     
    text
     
  </span>
</div>
`;
