// Jest Snapshot v1, https://goo.gl/fbAQLP

exports[`Pagination popup component should render correctly with all the default props 1`] = `
.c0 {
  position: relative;
  display: -webkit-inline-box;
  display: -webkit-inline-flex;
  display: -ms-inline-flexbox;
  display: inline-flex;
}

.c1 {
  height: 4rem;
  width: 4rem;
  display: block;
  border-radius: 50%;
  -webkit-user-select: none;
  -moz-user-select: none;
  -ms-user-select: none;
  user-select: none;
  border: none;
  padding: 0;
  font-weight: 600;
  font-size: 1.2rem;
  line-height: 2rem;
  text-align: center;
  -webkit-transition: all 100ms ease-out;
  transition: all 100ms ease-out;
  color: #435465;
  background: #ffffff;
  margin: 4px;
  height: 3.2rem;
  width: 3.2rem;
  font-weight: 600;
  color: #435465;
  background: #ffffff;
}

.c1:hover {
  cursor: pointer;
}

.c1:focus {
  outline: none;
}

.c1:disabled {
  cursor: not-allowed;
}

.c1:hover {
  color: #303C48;
  background: #F7F8F9;
}

.c1:active {
  color: #13181D;
  background: #eff2f4;
  font-weight: bold;
}

<div>
  <div
    class="c0"
    id="medly-popover-wrapper"
  >
    <button
      class="sc-AxgMl c1"
    >
      ...
    </button>
  </div>
</div>
`;
