// Jest Snapshot v1, https://goo.gl/fbAQLP

exports[`Hidden should render Css component 1`] = `<div />`;

exports[`Hidden should render Js component 1`] = `<div />`;
