// Jest Snapshot v1, https://goo.gl/fbAQLP

exports[`CardTableBody should render cart table body properly 1`] = `
.c0 {
  display: -webkit-inline-box;
  display: -webkit-inline-flex;
  display: -ms-inline-flexbox;
  display: inline-flex;
  -webkit-align-self: stretch;
  -ms-flex-item-align: stretch;
  align-self: stretch;
  margin: 5px;
  overflow: auto;
  -webkit-flex: 1;
  -ms-flex: 1;
  flex: 1;
  box-sizing: border-box;
  background-color: #ffffff;
  -webkit-flex-direction: row;
  -ms-flex-direction: row;
  flex-direction: row;
  -webkit-align-items: center;
  -webkit-box-align: center;
  -ms-flex-align: center;
  align-items: center;
  -webkit-box-pack: center;
  -webkit-justify-content: center;
  -ms-flex-pack: center;
  justify-content: center;
  border-radius: 4px;
  border: 1px solid #dfe4e9;
  box-shadow: 0 2px 4px 0 rgba(0,0,0,0.2);
  width: calc(100% - 10px);
}

.c2 {
  display: -webkit-inline-box;
  display: -webkit-inline-flex;
  display: -ms-inline-flexbox;
  display: inline-flex;
  -webkit-align-self: stretch;
  -ms-flex-item-align: stretch;
  align-self: stretch;
  margin: 5px;
  overflow: auto;
  -webkit-flex: 1;
  -ms-flex: 1;
  flex: 1;
  box-sizing: border-box;
  background-color: #ffffff;
  padding: 10px;
  -webkit-flex-direction: column;
  -ms-flex-direction: column;
  flex-direction: column;
  -webkit-box-pack: center;
  -webkit-justify-content: center;
  -ms-flex-pack: center;
  justify-content: center;
  -webkit-align-items: flex-start;
  -webkit-box-align: flex-start;
  -ms-flex-align: flex-start;
  align-items: flex-start;
  border-radius: 4px;
  border: 1px solid #dfe4e9;
  box-shadow: 0 2px 4px 0 rgba(0,0,0,0.2);
  border-radius: 0;
  margin: 0;
  border: none;
  box-shadow: none;
  background-color: transparent;
}

.c2.c2 * {
  background-color: transparent;
}

.c3 {
  padding: 15px 20px;
}

.c4 {
  margin: 0;
  color: inherit;
  font-size: 1.4rem;
  font-weight: 400;
  -webkit-letter-spacing: 0rem;
  -moz-letter-spacing: 0rem;
  -ms-letter-spacing: 0rem;
  letter-spacing: 0rem;
  line-height: 2.2rem;
}

.c1 {
  cursor: -webkit-grab;
  cursor: -moz-grab;
  cursor: grab;
  box-shadow: none;
  box-sizing: border-box;
  border-radius: 0.8rem;
  border: none;
}

.c1:hover {
  box-shadow: 0px 4px 8px #b0bcc8;
}

.c1 > * {
  background-color: inherit;
}

.c1:nth-child(2n) {
  background: #ffffff;
}

<div>
  <div
    class="c0 c1"
  >
    <div
      class="c2 c3"
    >
      <span
        class="c4"
      >
        Oli Bob
      </span>
    </div>
    <div
      class="c2 c3"
    >
      <span
        class="c4"
      >
        Metaformin
      </span>
    </div>
  </div>
</div>
`;
